   Token         Occurrences        Lexemes
----------------------------------------------
  identifier           4              test
			              main
			               fmt
			           Println
			   stringLit           2             "fmt"
			     "Hello world"
			           {           1                 {
			           }           1                 }
			  kwdPackage           1           package
			  terminator           7                 

			   kwdImport           1            import
			     kwdFunc           1              func
			           (           2                 (
			           )           2                 )
			           .           1                 .
			